 Error calling dismiss
11-23 18:43:43.815  2500  3962 W VolumeController: android.os.DeadObjectException
11-23 18:43:43.815  2500  3962 W VolumeController: 	at android.os.BinderProxy.transactNative(Native Method)
11-23 18:43:43.815  2500  3962 W VolumeController: 	at android.os.BinderProxy.transact(BinderProxy.java:586)
11-23 18:43:43.815  2500  3962 W VolumeController: 	at android.media.IVolumeController$Stub$Proxy.dismiss(IVolumeController.java:277)
11-23 18:43:43.815  2500  3962 W VolumeController: 	at com.android.server.audio.AudioService$VolumeController.postDismiss(AudioService.java:12058)
11-23 18:43:43.815  2500  3962 W VolumeController: 	at com.android.server.audio.AudioService.setVolumeController(AudioService.java:11845)
11-23 18:43:43.815  2500  3962 W VolumeController: 	at com.android.server.audio.AudioService$7.binderDied(AudioService.java:11854)
11-23 18:43:43.815  2500  3962 W VolumeController: 	at android.os.IBinder$DeathRecipient.binderDied(IBinder.java:320)
11-23 18:43:43.815  2500  3962 W VolumeController: 	at android.os.BinderProxy.sendDeathNotice(BinderProxy.java:726)
11-23 18:43:43.816  2500  2642 D ConnectivityService: releasing NetworkRequest [ REQUEST id=199, [ Capabilities: INTERNET&NOT_RESTRICTED&TRUSTED&NOT_VCN_MANAGED Uid: 10103 RequestorUid: 10103 RequestorPkg: com.android.systemui UnderlyingNetworks: Null] ] (release request)
11-23 18:43:43.816   772   883 D BufferPoolAccessor2.0: bufferpool2 0xb40000718a89af08 : 0(0 size) total buffers - 0(0 size) used buffers - 14/16 (recycle/alloc) - 2/15 (fetch/transfer)
11-23 18:43:43.818   772   883 D BufferPoolAccessor2.0: Destruction - bufferpool2 0xb40000718a89af08 cached: 0/0M, 0/0% in use; allocs: 16, 88% recycled; transfers: 15, 87% unfetched
11-23 18:43:43.820  2500  4157 D DisplayAreaOrganizerController: Organizer died before sending onDisplayAreaVanished
11-23 18:43:43.820  2500  5075 I WindowManager: WIN DEATH: Window{2afc440 u0 HeadsUpNotification}
11-23 18:43:43.821  2500  5075 W InputManager-JNI: Input channel object '2afc440 HeadsUpNotification (client)' was disposed without first being removed with the input manager!
11-23 18:43:43.822  2500  5075 W ActivityManager: pid 2500 system sent binder code 1 with flags 1 to frozen apps and got error -32
11-23 18:43:43.822  2500  5075 D ActivityManager: Too many transaction errors, throttling freezer binder callback.
11-23 18:43:43.823  2500  5075 W WindowManager: Failed to deliver package in top focused window change
11-23 18:43:43.823  2500  5075 W WindowManager: android.os.DeadObjectException
11-23 18:43:43.823  2500  5075 W WindowManager: 	at android.os.BinderProxy.transactNative(Native Method)
11-23 18:43:43.823  2500  5075 W WindowManager: 	at android.os.BinderProxy.transact(BinderProxy.java:586)
11-23 18:43:43.823  2500  5075 W WindowManager: 	at android.view.IDisplayWindowInsetsController$Stub$Proxy.topFocusedWindowChanged(IDisplayWindowInsetsController.java:209)
11-23 18:43:43.823  2500  5075 W WindowManager: 	at com.android.server.wm.DisplayContent$RemoteInsetsControlTarget.topFocusedWindowChanged(DisplayContent.java:7069)
11-23 18:43:43.823  2500  5075 W WindowManager: 	at com.android.server.wm.InsetsPolicy.getStatusControlTarget(InsetsPolicy.java:504)
11-23 18:43:43.823  2500  5075 W WindowManager: 	at com.android.server.wm.InsetsPolicy.updateBarControlTarget(InsetsPolicy.java:117)
11-23 18:43:43.823  2500  5075 W WindowManager: 	at com.android.server.wm.InsetsPolicy.updateSystemBars(InsetsPolicy.java:608)
11-23 18:43:43.823  2500  5075 W WindowManager: 	at com.android.server.wm.DisplayPolicy.updateSystemBarsLw(DisplayPolicy.java:2439)
11-23 18:43:43.823  2500  5075 W WindowManager: 	at com.android.server.wm.DisplayPolicy.updateSystemBarAttributes(DisplayPolicy.java:2318)
11-23 18:43:43.823  2500  5075 W WindowManager: 	at com.android.server.wm.DisplayPolicy.finishPostLayoutPolicyLw(DisplayPolicy.java:1691)
11-23 18:43:43.823  2500  5075 W WindowManager: 	at com.android.server.wm.DisplayContent.applySurfaceChangesTransaction(DisplayContent.java:5089)
11-23 18:43:43.823  2500  5075 W WindowManager: 	at com.android.server.wm.RootWindowContainer.applySurfaceChangesTransaction(RootWindowContainer.java:978)
11-23 18:43:43.823  2500  5075 W WindowManager: 	at com.android.server.wm.RootWindowContainer.performSurfacePlacementNoTrace(RootWindowContainer.java:777)
11-23 18:43:43.823  2500  5075 W WindowManager: 	at com.android.server.wm.RootWindowContainer.performSurfacePlacement(RootWindowContainer.java:743)
11-23 18:43:43.823  2500  5075 W WindowManager: 	at com.android.server.wm.WindowSurfacePlacer.performSurfacePlacementLoop(WindowSurfacePlacer.java:177)
11-23 18:43:43.823  2500  5075 W WindowManager: 	at com.android.server.wm.WindowSurfacePlacer.performSurfacePlacement(WindowSurfacePlacer.java:126)
11-23 18:43:43.823  2500  5075 W WindowManager: 	at com.android.server.wm.WindowSurfacePlacer.performSurfacePlacement(WindowSurfacePlacer.java:115)
11-23 18:43:43.823  2500  5075 W WindowManager: 	at com.android.server.wm.WindowManagerService.postWindowRemoveCleanupLocked(WindowManagerService.java:2048)
11-23 18:43:43.823  2500  5075 W WindowManager: 	at com.android.server.wm.WindowState.removeImmediately(WindowState.java:2354)
11-23 18:43:43.823  2500  5075 W WindowManager: 	at com.android.server.wm.WindowState.removeIfPossible(WindowState.java:2480)
11-23 18:43:43.823  2500  5075 W WindowManager: 	at com.android.server.wm.Session.binderDied(Session.java:230)
11-23 18:43:43.823  2500  5075 W WindowManager: 	at android.os.IBinder$DeathRecipient.binderDied(IBinder.java:320)
11-23 18:43:43.823  2500  5075 W WindowManager: 	at android.os.BinderProxy.sendDeathNotice(BinderProxy.java:726)
11-23 18:43:43.823  2500  5075 W ActivityManager: pid 2500 system sent binder code 1 with flags 1 to frozen apps and got error -32
11-23 18:43:43.823  2500  5075 D ActivityManager: Too many transaction errors, throttling freezer binder callback.
11-23 18:43:43.824  2500  5075 W WindowManager: Failed to deliver package in top focused window change
11-23 18:43:43.824  2500  5075 W WindowManager: android.os.DeadObjectException
11-23 18:43:43.824  2500  5075 W WindowManager: 	at android.os.BinderProxy.transactNative(Native Method)
11-23 18:43:43.824  2500  5075 W WindowManager: 	at android.os.BinderProxy.transact(BinderProxy.java:586)
11-23 18:43:43.824  2500  5075 W WindowManager: 	at android.view.IDisplayWindowInsetsController$Stub$Proxy.topFocusedWindowChanged(IDisplayWindowInsetsController.java:209)
11-23 18:43:43.824  2500  5075 W WindowManager: 	at com.android.server.wm.DisplayContent$RemoteInsetsControlTarget.topFocusedWindowChanged(DisplayContent.java:7069)
11-23 18:43:43.824  2500  5075 W WindowManager: 	at com.android.server.wm.InsetsPolicy.getNavControlTarget(InsetsPolicy.java:564)
11-23 18:43:43.824  2500  5075 W WindowManager: 	at com.android.server.wm.InsetsPolicy.updateBarControlTarget(InsetsPolicy.java:124)
11-23 18:43:43.824  2500  5075 W WindowManager: 	at com.android.server.wm.InsetsPolicy.updateSystemBars(InsetsPolicy.java:608)
11-23 18:43:43.824  2500  5075 W WindowManager: 	at com.android.server.wm.DisplayPolicy.updateSystemBarsLw(DisplayPolicy.java:2439)
11-23 18:43:43.824  2500  5075 W WindowManager: 	at com.android.server.wm.DisplayPolicy.updateSystemBarAttributes(DisplayPolicy.java:2318)
11-23 18:43:43.824  2500  5075 W WindowManager: 	at com.android.server.wm.DisplayPolicy.finishPostLayoutPolicyLw(DisplayPolicy.java:1691)
11-23 18:43:43.824  2500  5075 W WindowManager: 	at com.android.server.wm.DisplayContent.applySurfaceChangesTransaction(DisplayContent.java:5089)
11-23 18:43:43.824  2500  5075 W WindowManager: 	at com.android.server.wm.RootWindowContainer.applySurfaceChangesTransaction(RootWindowContainer.java:978)
11-23 18:43:43.824  2500  5075 W WindowManager: 	at com.android.server.wm.RootWindowContainer.performSurfacePlacementNoTrace(RootWindowContainer.java:777)
11-23 18:43:43.824  2500  5075 W WindowManager: 	at com.android.server.wm.RootWindowContainer.performSurfacePlacement(RootWindowContainer.java:743)
11-23 18:43:43.824  2500  5075 W WindowManager: 	at com.android.server.wm.WindowSurfacePlacer.performSurfacePlacementLoop(WindowSurfacePlacer.java:177)
11-23 18:43:43.824  2500  5075 W WindowManager: 	at com.android.server.wm.WindowSurfacePlacer.performSurfacePlacement(WindowSurfacePlacer.java:126)
11-23 18:43:43.824  2500  5075 W WindowManager: 	at com.android.server.wm.WindowSurfacePlacer.performSurfacePlacement(WindowSurfacePlacer.java:115)
11-23 18:43:43.824  2500  5075 W WindowManager: 	at com.android.server.wm.WindowManagerService.postWindowRemoveCleanupLocked(WindowManagerService.java:2048)
11-23 18:43:43.824  2500  5075 W WindowManager: 	at com.android.server.wm.WindowState.removeImmediately(WindowState.java:2354)
11-23 18:43:43.824  2500  5075 W WindowManager: 	at com.android.server.wm.WindowState.removeIfPossible(WindowState.java:2480)
11-23 18:43:43.824  2500  5075 W WindowManager: 	at com.android.server.wm.Session.binderDied(Session.java:230)
11-23 18:43:43.824  2500  5075 W WindowManager: 	at android.os.IBinder$DeathRecipient.binderDied(IBinder.java:320)
11-23 18:43:43.824  2500  5075 W WindowManager: 	at android.os.BinderProxy.sendDeathNotice(BinderProxy.java:726)
11-23 18:43:43.825  2500  5075 W ActivityManager: pid 2500 system sent binder code 2 with flags 1 to frozen apps and got error -32
11-23 18:43:43.825  2500  5075 D ActivityManager: Too many transaction errors, throttling freezer binder callback.
11-23 18:43:43.826  2500  5075 W WindowManager: Failed to deliver inset state change
11-23 18:43:43.826  2500  5075 W WindowManager: android.os.DeadObjectException
11-23 18:43:43.826  2500  5075 W WindowManager: 	at android.os.BinderProxy.transactNative(Native Method)
11-23 18:43:43.826  2500  5075 W WindowManager: 	at android.os.BinderProxy.transact(BinderProxy.java:586)
11-23 18:43:43.826  2500  5075 W WindowManager: 	at android.view.IDisplayWindowInsetsController$Stub$Proxy.insetsChanged(IDisplayWindowInsetsController.java:222)
11-23 18:43:43.826  2500  5075 W WindowManager: 	at com.android.server.wm.DisplayContent$RemoteInsetsControlTarget.notifyInsetsChanged(DisplayContent.java:7077)
11-23 18:43:43.826  2500  5075 W WindowManager: 	at com.android.server.wm.DisplayContent.notifyInsetsChanged(DisplayContent.java:2160)
11-23 18:43:43.826  2500  5075 W WindowManager: 	at com.android.server.wm.InsetsStateController.notifyInsetsChanged(InsetsStateController.java:395)
11-23 18:43:43.826  2500  5075 W WindowManager: 	at com.android.server.wm.InsetsStateController.onPostLayout(InsetsStateController.java:176)
11-23 18:43:43.826  2500  5075 W WindowManager: 	at com.android.server.wm.DisplayContent.applySurfaceChangesTransaction(DisplayContent.java:5093)
11-23 18:43:43.826  2500  5075 W WindowManager: 	at com.android.server.wm.RootWindowContainer.applySurfaceChangesTransaction(RootWindowContainer.java:978)
11-23 18:43:43.826  2500  5075 W WindowManager: 	at com.android.server.wm.RootWindowContainer.performSurfacePlacementNoTrace(RootWindowContainer.java:777)
11-23 18:43:43.826  2500  5075 W WindowManager: 	at com.android.server.wm.RootWindowContainer.performSurfacePlacement(RootWindowContainer.java:743)
11-23 18:43:43.826  2500  5075 W WindowManager: 	at com.android.server.wm.WindowSurfacePlacer.performSurfacePlacementLoop(WindowSurfacePlacer.java:177)
11-23 18:43:43.826  2500  5075 W WindowManager: 	at com.android.server.wm.WindowSurfacePlacer.performSurfacePlacement(WindowSurfacePlacer.java:126)
11-23 18:43:43.826  2500  5075 W WindowManager: 	at com.android.server.wm.WindowSurfacePlacer.performSurfacePlacement(WindowSurfacePlacer.java:115)
11-23 18:43:43.826  2500  5075 W WindowManager: 	at com.android.server.wm.WindowManagerService.postWindowRemoveCleanupLocked(WindowManagerService.java:2048)
11-23 18:43:43.826  2500  5075 W WindowManager: 	at com.android.server.wm.WindowState.removeImmediately(WindowState.java:2354)
11-23 18:43:43.826  2500  5075 W WindowManager: 	at com.android.server.wm.WindowState.removeIfPossible(WindowState.java:2480)
11-23 18:43:43.826  2500  5075 W WindowManager: 	at com.android.server.wm.Session.binderDied(Session.java:230)
11-23 18:43:43.826  2500  5075 W WindowManager: 	at android.os.IBinder$DeathRecipient.binderDied(IBinder.java:320)
11-23 18:43:43.826  2500  5075 W WindowManager: 	at android.os.BinderProxy.sendDeathNotice(BinderProxy.java:726)
11-23 18:43:43.799     0     0 I binder  : 3251:3251 cannot find target node
11-23 18:43:43.820     0     0 I binder  : 3251:3251 transaction async to 0:0 failed 333131/29189/-22, size 84-0 line 3273
11-23 18:43:43.828  2500  5075 W ActivityTaskManager: Unable to send transaction to client proc com.android.systemui: no app thread
11-23 18:43:43.829  2500  5075 I WindowManager: WIN DEATH: Window{e069c27 u0 SystemUIOverlayWindow}
11-23 18:43:43.831  2500  5075 W InputManager-JNI: Input channel object 'e069c27 SystemUIOverlayWindow (client)' was disposed without first being removed with the input manager!
11-23 18:43:43.832  2500  5075 W ActivityManager: pid 2500 system sent binder code 1 with flags 1 to frozen apps and got error -32
11-23 18:43:43.833  2500  5075 D ActivityManager: Too many transaction errors, throttling freezer binder callback.
11-23 18:43:43.833  2500  5075 W WindowManager: Failed to deliver package in top focused window change
11-23 18:43:43.833  2500  5075 W WindowManager: android.os.DeadObjectException
11-23 18:43:43.833  2500  5075 W WindowManager: 	at android.os.BinderProxy.transactNative(Native Method)
11-23 18:43:43.833  2500  5075 W WindowManager: 	at android.os.BinderProxy.transact(BinderProxy.java:586)
11-23 18:43:43.833  2500  5075 W WindowManager: 	at android.view.IDisplayWindowInsetsController$Stub$Proxy.topFocusedWindowChanged(IDisplayWindowInsetsController.java:209)
11-23 18:43:43.833  2500  5075 W WindowManager: 	at com.android.server.wm.DisplayContent$RemoteInsetsControlTarget.topFocusedWindowChanged(DisplayContent.java:7069)
11-23 18:43:43.833  2500  5075 W WindowManager: 	at com.android.server.wm.InsetsPolicy.getStatusControlTarget(InsetsPolicy.java:504)
11-23 18:43:43.833  2500  5075 W WindowManager: 	at com.android.server.wm.InsetsPolicy.updateBarControlTarget(InsetsPolicy.java:117)
11-23 18:43:43.833  2500  5075 W WindowManager: 	at com.android.server.wm.InsetsPolicy.updateSystemBars(InsetsPolicy.java:608)
11-23 18:43:43.833  2500  5075 W WindowManager: 	at com.android.server.wm.DisplayPolicy.updateSystemBarsLw(DisplayPolicy.java:2439)
11-23 18:43:43.833  2500  5075 W WindowManager: 	at com.android.server.wm.DisplayPolicy.updateSystemBarAttributes(DisplayPolicy.java:2318)
11-23 18:43:43.833  2500  5075 W WindowManager: 	at com.android.server.wm.DisplayPolicy.finishPostLayoutPolicyLw(DisplayPolicy.java:1691)
11-23 18:43:43.833  2500  5075 W WindowManager: 	at com.android.server.wm.DisplayContent.applySurfaceChangesTransaction(DisplayContent.java:5089)
11-23 18:43:43.833  2500  5075 W WindowManager: 	at com.android.server.wm.RootWindowContainer.applySurfaceChangesTransaction(RootWindowContainer.java:978)
11-23 18:43:43.833  2500  5075 W WindowManager: 	at com.android.server.wm.RootWindowContainer.performSurfacePlacementNoTrace(RootWindowContainer.java:777)
11-23 18:43:43.833  2500  5075 W WindowManager: 	at com.android.server.wm.RootWindowContainer.performSurfacePlacement(RootWindowContainer.java:743)
11-23 18:43:43.833  2500  5075 W WindowManager: 	at com.android.server.wm.WindowSurfacePlacer.performSurfacePlacementLoop(WindowSurfacePlacer.java:177)
11-23 18:43:43.833  2500  5075 W WindowManager: 	at com.android.server.wm.WindowSurfacePlacer.performSurfacePlacement(WindowSurfacePlacer.java:126)
11-23 18:43:43.833  2500  5075 W WindowManager: 	at com.android.server.wm.WindowSurfacePlacer.performSurfacePlacement(WindowSurfacePlacer.java:115)
11-23 18:43:43.833  2500  5075 W WindowManager: 	at com.android.server.wm.WindowManagerService.postWindowRemoveCleanupLocked(WindowManagerService.java:2048)
11-23 18:43:43.833  2500  5075 W WindowManager: 	at com.android.server.wm.WindowState.removeImmediately(WindowState.java:2354)
11-23 18:43:43.833  2500  5075 W WindowManager: 	at com.android.server.wm.WindowState.removeIfPossible(WindowState.java:2480)
11-23 18:43:43.833  2500  5075 W WindowManager: 	at com.android.server.wm.Session.binderDied(Session.java:230)
11-23 18:43:43.833  2500  5075 W WindowManager: 	at android.os.IBinder$DeathRecipient.binderDied(IBinder.java:320)
11-23 18:43:43.833  2500  5075 W WindowManager: 	at android.os.BinderProxy.sendDeathNotice(BinderProxy.java:726)
11-23 18:43:43.834  2500  5075 W ActivityManager: pid 2500 system sent binder code 1 with flags 1 to frozen apps and got error -32
11-23 18:43:43.834  2500  5075 D ActivityManager: Too many transaction errors, throttling freezer binder callback.
11-23 18:43:43.835  2500  5075 W WindowManager: Failed to deliver package in top focused window change
11-23 18:43:43.835  2500  5075 W WindowManager: android.os.DeadObjectException
11-23 18:43:43.835  2500  5075 W WindowManager: 	at android.os.BinderProxy.transactNative(Native Method)
11-23 18:43:43.835  2500  5075 W WindowManager: 	at android.os.BinderProxy.transact(BinderProxy.java:586)
11-23 18:43:43.835  2500  5075 W WindowManager: 	at android.view.IDisplayWindowInsetsController$Stub$Proxy.topFocusedWindowChanged(IDisplayWindowInsetsController.java:209)
11-23 18:43:43.835  2500  5075 W WindowManager: 	at com.android.server.wm.DisplayContent$RemoteInsetsControlTarget.topFocusedWindowChanged(DisplayContent.java:7069)
11-23 18:43:43.835  2500  5075 W WindowManager: 	at com.android.server.wm.InsetsPolicy.getNavControlTarget(InsetsPolicy.java:564)
11-23 18:43:43.835  2500  5075 W WindowManager: 	at com.android.server.wm.InsetsPolicy.updateBarControlTarget(InsetsPolicy.java:124)
11-23 18:43:43.835  2500  5075 W WindowManager: 	at com.android.server.wm.InsetsPolicy.updateSystemBars(InsetsPolicy.java:608)
11-23 18:43:43.835  2500  5075 W WindowManager: 	at com.android.server.wm.DisplayPolicy.updateSystemBarsLw(DisplayPolicy.java:2439)
11-23 18:43:43.835  2500  5075 W WindowManager: 	at com.android.server.wm.DisplayPolicy.updateSystemBarAttributes(DisplayPolicy.java:2318)
11-23 18:43:43.835  2500  5075 W WindowManager: 	at com.android.server.wm.DisplayPolicy.finishPostLayoutPolicyLw(DisplayPolicy.java:1691)
11-23 18:43:43.835  2500  5075 W WindowManager: 	at com.android.server.wm.DisplayContent.applySurfaceChangesTransaction(DisplayContent.java:5089)
11-23 18:43:43.835  2500  5075 W WindowManager: 	at com.android.server.wm.RootWindowContainer.applySurfaceChangesTransaction(RootWindowContainer.java:978)
11-23 18:43:43.835  2500  5075 W WindowManager: 	at com.android.server.wm.RootWindowContainer.performSurfacePlacementNoTrace(RootWindowContainer.java:777)
11-23 18:43:43.835  2500  5075 W WindowManager: 	at com.android.server.wm.RootWindowContainer.performSurfacePlacement(RootWindowContainer.java:743)
11-23 18:43:43.835  2500  5075 W WindowManager: 	at com.android.server.wm.WindowSurfacePlacer.performSurfacePlacementLoop(WindowSurfacePlacer.java:177)
11-23 18:43:43.835  2500  5075 W WindowManager: 	at com.android.server.wm.WindowSurfacePlacer.performSurfacePlacement(WindowSurfacePlacer.java:126)
11-23 18:43:43.835  2500  5075 W WindowManager: 	at com.android.server.wm.WindowSurfacePlacer.performSurfacePlacement(WindowSurfacePlacer.java:115)
11-23 18:43:43.835  2500  5075 W WindowManager: 	at com.android.server.wm.WindowManagerService.postWindowRemoveCleanupLocked(WindowManagerService.java:2048)
11-23 18:43:43.835  2500  5075 W WindowManager: 	at com.android.server.wm.WindowState.removeImmediately(WindowState.java:2354)
11-23 18:43:43.835  2500  5075 W WindowManager: 	at com.android.server.wm.WindowState.removeIfPossible(WindowState.java:2480)
11-23 18:43:43.835  2500  5075 W WindowManager: 	at com.android.server.wm.Session.binderDied(Session.java:230)
11-23 18:43:43.835  2500  5075 W WindowManager: 	at android.os.IBinder$DeathRecipient.binderDied(IBinder.java:320)
11-23 18:43:43.835  2500  5075 W WindowManager: 	at android.os.BinderProxy.sendDeathNotice(BinderProxy.java:726)
11-23 18:43:43.836  2500  5075 I WindowManager: WIN DEATH: Window{9c9120d u0 BottomCarSystemBar}
11-23 18:43:43.836  3251  3251 E IPCThreadState: Binder transaction failure: 333131/29189/-22
11-23 18:43:43.837  2500  5075 W InputManager-JNI: Input channel object '9c9120d BottomCarSystemBar (client)' was disposed without first being removed with the input manager!
11-23 18:43:43.838  3251  3251 W RemoteCarTaskView: TaskView's host has already died
11-23 18:43:43.838  3251  3251 W RemoteCarTaskView: android.os.DeadObjectException
11-23 18:43:43.838  3251  3251 W RemoteCarTaskView: 	at android.os.BinderProxy.transactNative(Native Method)
11-23 18:43:43.838  3251  3251 W RemoteCarTaskView: 	at android.os.BinderProxy.transact(BinderProxy.java:586)
11-23 18:43:43.838  3251  3251 W RemoteCarTaskView: 	at android.car.app.ICarTaskViewHost$Stub$Proxy.release(ICarTaskViewHost.java:293)
11-23 18:43:43.838  3251  3251 W RemoteCarTaskView: 	at android.car.app.RemoteCarTaskView.release(RemoteCarTaskView.java:289)
11-23 18:43:43.838  3251  3251 W RemoteCarTaskView: 	at android.car.app.ControlledRemoteCarTaskView.release(ControlledRemoteCarTaskView.java:348)
11-23 18:43:43.838  3251  3251 W RemoteCarTaskView: 	at android.car.app.CarTaskViewController.releaseTaskViews(CarTaskViewController.java:242)
11-23 18:43:43.838  3251  3251 W RemoteCarTaskView: 	at android.car.app.CarTaskViewControllerSupervisor$ActivityHolder.onCarSystemUIDisconnected(CarTaskViewControllerSupervisor.java:271)
11-23 18:43:43.838  3251  3251 W RemoteCarTaskView: 	at android.car.app.CarTaskViewControllerSupervisor$ActivityHolder.-$$Nest$monCarSystemUIDisconnected(Unknown Source:0)
11-23 18:43:43.838  3251  3251 W RemoteCarTaskView: 	at android.car.app.CarTaskViewControllerSupervisor.onSystemUIProxyDisconnected(CarTaskViewControllerSupervisor.java:202)
11-23 18:43:43.838  3251  3251 W RemoteCarTaskView: 	at android.car.app.CarTaskViewControllerSupervisor.-$$Nest$monSystemUIProxyDisconnected(Unknown Source:0)
11-23 18:43:43.838  3251  3251 W RemoteCarTaskView: 	at android.car.app.CarTaskViewControllerSupervisor$1.lambda$binderDied$0(CarTaskViewControllerSupervisor.java:62)
11-23 18:43:43.838  3251  3251 W RemoteCarTaskView: 	at android.car.app.CarTaskViewControllerSupervisor$1.$r8$lambda$WpCwr1u1KTsjxGxR6TIHRlkDi_Y(Unknown Source:0)
11-23 18:43:43.838  3251  3251 W RemoteCarTaskView: 	at android.car.app.CarTaskViewControllerSupervisor$1$$ExternalSyntheticLambda0.run(D8$$SyntheticClass:0)
11-23 18:43:43.838  3251  3251 W RemoteCarTaskView: 	at android.os.Handler.handleCallback(Handler.java:959)
11-23 18:43:43.838  3251  3251 W RemoteCarTaskView: 	at android.os.Handler.dispatchMessage(Handler.java:100)
11-23 18:43:43.838  3251  3251 W RemoteCarTaskView: 	at android.os.Looper.loopOnce(Looper.java:232)
11-23 18:43:43.838  3251  3251 W RemoteCarTaskView: 	at android.os.Looper.loop(Looper.java:317)
11-23 18:43:43.838  3251  3251 W RemoteCarTaskView: 	at android.app.ActivityThread.main(ActivityThread.java:8592)
11-23 18:43:43.838  3251  3251 W RemoteCarTaskView: 	at java.lang.reflect.Method.invoke(Native Method)
11-23 18:43:43.838  3251  3251 W RemoteCarTaskView: 	at com.android.internal.os.RuntimeInit$MethodAndArgsCaller.run(RuntimeInit.java:580)
11-23 18:43:43.838  3251  3251 W RemoteCarTaskView: 	at com.android.internal.os.ZygoteInit.main(ZygoteInit.java:878)
11-23 18:43:43.838  3251  3251 W CarTaskViewController: This taskView has already been removed
11-23 18:43:43.844     0     0 I binder  : 5075:2500 cannot find target node
11-23 18:43:43.852  2500  2530 I libprocessgroup: Removed cgroup /sys/fs/cgroup/uid_10103/pid_5705
11-23 18:43:43.854  2432  2432 I Zygote  : Process 5705 exited due to signal 9 (Killed)
11-23 18:43:43.855     0     0 I binder  : 2500:5075 transaction async to 0:0 failed 333197/29189/-22, size 60-0 line 3273
11-23 18:43:43.861  2500  5075 E IPCThreadState: Binder transaction failure: 333197/29189/-22
11-23 18:43:43.861  2500  5075 W ActivityManager: pid 2500 system sent binder code 14 with flags 1 to frozen apps and got error -32
11-23 18:43:43.861  2500  5075 D ActivityManager: Too many transaction errors, throttling freezer binder callback.
11-23 18:43:43.862  2500  5075 W ActivityManager: pid 2500 system sent binder code 1 with flags 1 to frozen apps and got error -32
11-23 18:43:43.862  2500  5075 D ActivityManager: Too many transaction errors, throttling freezer binder callback.
11-23 18:43:43.863  2500  5075 W WindowManager: Failed to deliver package in top focused window change
11-23 18:43:43.863  2500  5075 W WindowManager: android.os.DeadObjectException
11-23 18:43:43.863  2500  5075 W WindowManager: 	at android.os.BinderProxy.transactNative(Native Method)
11-23 18:43:43.863  2500  5075 W WindowManager: 	at android.os.BinderProxy.transact(BinderProxy.java:586)
11-23 18:43:43.863  2500  5075 W WindowManager: 	at android.view.IDisplayWindowInsetsController$Stub$Proxy.topFocusedWindowChanged(IDisplayWindowInsetsController.java:209)
11-23 18:43:43.863  2500  5075 W WindowManager: 	at com.android.server.wm.DisplayContent$RemoteInsetsControlTarget.topFocusedWindowChanged(DisplayContent.java:7069)
11-23 18:43:43.863  2500  5075 W WindowManager: 	at com.android.server.wm.InsetsPolicy.getStatusControlTarget(InsetsPolicy.java:504)
11-23 18:43:43.863  2500  5075 W WindowManager: 	at com.android.server.wm.InsetsPolicy.updateBarControlTarget(InsetsPolicy.java:117)
11-23 18:43:43.863  2500  5075 W WindowManager: 	at com.android.server.wm.InsetsPolicy.updateSystemBars(InsetsPolicy.java:608)
11-23 18:43:43.863  2500  5075 W WindowManager: 	at com.android.server.wm.DisplayPolicy.updateSystemBarsLw(DisplayPolicy.java:2439)
11-23 18:43:43.863  2500  5075 W WindowManager: 	at com.android.server.wm.DisplayPolicy.updateSystemBarAttributes(DisplayPolicy.java:2318)
11-23 18:43:43.863  2500  5075 W WindowManager: 	at com.android.server.wm.DisplayPolicy.finishPostLayoutPolicyLw(DisplayPolicy.java:1691)
11-23 18:43:43.863  2500  5075 W WindowManager: 	at com.android.server.wm.DisplayContent.applySurfaceChangesTransaction(DisplayContent.java:5089)
11-23 18:43:43.863  2500  5075 W WindowManager: 	at com.android.server.wm.RootWindowContainer.applySurfaceChangesTransaction(RootWindowContainer.java:978)
11-23 18:43:43.863  2500  5075 W WindowManager: 	at com.android.server.wm.RootWindowContainer.performSurfacePlacementNoTrace(RootWindowContainer.java:777)
11-23 18:43:43.863  2500  5075 W WindowManager: 	at com.android.server.wm.RootWindowContainer.performSurfacePlacement(RootWindowContainer.java:743)
11-23 18:43:43.863  2500  5075 W WindowManager: 	at com.android.server.wm.WindowSurfacePlacer.performSurfacePlacementLoop(WindowSurfacePlacer.java:177)
11-23 18:43:43.863  2500  5075 W WindowManager: 	at com.android.server.wm.WindowSurfacePlacer.performSurfacePlacement(WindowSurfacePlacer.java:126)
11-23 18:43:43.863  2500  5075 W WindowManager: 	at com.android.server.wm.WindowSurfacePlacer.performSurfacePlacement(WindowSurfacePlacer.java:115)
11-23 18:43:43.863  2500  5075 W WindowManager: 	at com.android.server.wm.WindowManagerService.postWindowRemoveCleanupLocked(WindowManagerService.java:2048)
11-23 18:43:43.863  2500  5075 W WindowManager: 	at com.android.server.wm.WindowState.removeImmediately(WindowState.java:2354)
11-23 18:43:43.863  2500  5075 W WindowManager: 	at com.android.server.wm.WindowState.removeIfPossible(WindowState.java:2480)
11-23 18:43:43.863  2500  5075 W WindowManager: 	at com.android.server.wm.Session.binderDied(Session.java:230)
11-23 18:43:43.863  2500  5075 W WindowManager: 	at android.os.IBinder$DeathRecipient.binderDied(IBinder.java:320)
11-23 18:43:43.863  2500  5075 W WindowManager: 	at android.os.BinderProxy.sendDeathNotice(BinderProxy.java:726)
11-23 18:43:43.863  2500  5075 W ActivityManager: pid 2500 system sent binder code 1 with flags 1 to frozen apps and got error -32
11-23 18:43:43.863  2500  5075 D ActivityManager: Too many transaction errors, throttling freezer binder callback.
11-23 18:43:43.864  2500  5075 W WindowManager: Failed to deliver package in top focused window change
11-23 18:43:43.864  2500  5075 W WindowManager: android.os.DeadObjectException
11-23 18:43:43.864  2500  5075 W WindowManager: 	at android.os.BinderProxy.transactNative(Native Method)
11-23 18:43:43.864  2500  5075 W WindowManager: 	at android.os.BinderProxy.transact(BinderProxy.java:586)
11-23 18:43:43.864  2500  5075 W WindowManager: 	at android.view.IDisplayWindowInsetsController$Stub$Proxy.topFocusedWindowChanged(IDisplayWindowInsetsController.java:209)
11-23 18:43:43.864  2500  5075 W WindowManager: 	at com.android.server.wm.DisplayContent$RemoteInsetsControlTarget.topFocusedWindowChanged(DisplayContent.java:7069)
11-23 18:43:43.864  2500  5075 W WindowManager: 	at com.android.server.wm.InsetsPolicy.getNavControlTarget(InsetsPolicy.java:564)
11-23 18:43:43.864  2500  5075 W WindowManager: 	at com.android.server.wm.InsetsPolicy.updateBarControlTarget(InsetsPolicy.java:124)
11-23 18:43:43.864  2500  5075 W WindowManager: 	at com.android.server.wm.InsetsPolicy.updateSystemBars(InsetsPolicy.java:608)
11-23 18:43:43.864  2500  5075 W WindowManager: 	at com.android.server.wm.DisplayPolicy.updateSystemBarsLw(DisplayPolicy.java:2439)
11-23 18:43:43.864  2500  5075 W WindowManager: 	at com.android.server.wm.DisplayPolicy.updateSystemBarAttributes(DisplayPolicy.java:2318)
11-23 18:43:43.864  2500  5075 W WindowManager: 	at com.android.server.wm.DisplayPolicy.finishPostLayoutPolicyLw(DisplayPolicy.java:1691)
11-23 18:43:43.864  2500  5075 W WindowManager: 	at com.android.server.wm.DisplayContent.applySurfaceChangesTransaction(DisplayContent.java:5089)
11-23 18:43:43.864  2500  5075 W WindowManager: 	at com.android.server.wm.RootWindowContainer.applySurfaceChangesTransaction(RootWindowContainer.java:978)
11-23 18:43:43.864  2500  5075 W WindowManager: 	at com.android.server.wm.RootWindowContainer.performSurfacePlacementNoTrace(RootWindowContainer.java:777)
11-23 18:43:43.864  2500  5075 W WindowManager: 	at com.android.server.wm.RootWindowContainer.performSurfacePlacement(RootWindowContainer.java:743)
11-23 18:43:43.864  2500  5075 W WindowManager: 	at com.android.server.wm.WindowSurfacePlacer.performSurfacePlacementLoop(WindowSurfacePlacer.java:177)
11-23 18:43:43.864  2500  5075 W WindowManager: 	at com.android.server.wm.WindowSurfacePlacer.performSurfacePlacement(WindowSurfacePlacer.java:126)
11-23 18:43:43.864  2500  5075 W WindowManager: 	at com.android.server.wm.WindowSurfacePlacer.performSurfacePlacement(WindowSurfacePlacer.java:115)
11-23 18:43:43.864  2500  5075 W WindowManager: 	at com.android.server.wm.WindowManagerService.postWindowRemoveCleanupLocked(WindowManagerService.java:2048)
11-23 18:43:43.864  2500  5075 W WindowManager: 	at com.android.server.wm.WindowState.removeImmediately(WindowState.java:2354)
11-23 18:43:43.864  2500  5075 W WindowManager: 	at com.android.server.wm.WindowState.removeIfPossible(WindowState.java:2480)
11-23 18:43:43.864  2500  5075 W WindowManager: 	at com.android.server.wm.Session.binderDied(Session.java:230)
11-23 18:43:43.864  2500  5075 W WindowManager: 	at android.os.IBinder$DeathRecipient.binderDied(IBinder.java:320)
11-23 18:43:43.864  2500  5075 W WindowManager: 	at android.os.BinderProxy.sendDeathNotice(BinderProxy.java:726)
11-23 18:43:43.865  2500  5075 W ActivityManager: pid 2500 system sent binder code 2 with flags 1 to frozen apps and got error -32
11-23 18:43:43.865  2500  5075 D ActivityManager: Too many transaction errors, throttling freezer binder callback.
11-23 18:43:43.865  2500  5075 W WindowManager: Failed to deliver inset state change
11-23 18:43:43.865  2500  5075 W WindowManager: android.os.DeadObjectException
11-23 18:43:43.865  2500  5075 W WindowManager: 	at android.os.BinderProxy.transactNative(Native Method)
11-23 18:43:43.865  2500  5075 W WindowManager: 	at android.os.BinderProxy.transact(BinderProxy.java:586)
11-23 18:43:43.865  2500  5075 W WindowManager: 	at android.view.IDisplayWindowInsetsController$Stub$Proxy.insetsChanged(IDisplayWindowInsetsController.java:222)
11-23 18:43:43.865  2500  5075 W WindowManager: 	at com.android.server.wm.DisplayContent$RemoteInsetsControlTarget.notifyInsetsChanged(DisplayContent.java:7077)
11-23 18:43:43.865  2500  5075 W WindowManager: 	at com.android.server.wm.DisplayContent.notifyInsetsChanged(DisplayContent.java:2160)
11-23 18:43:43.865  2500  5075 W WindowManager: 	at com.android.server.wm.InsetsStateController.notifyInsetsChanged(InsetsStateController.java:395)
11-23 18:43:43.865  2500  5075 W WindowManager: 	at com.android.server.wm.InsetsStateController.onPostLayout(InsetsStateController.java:176)
11-23 18:43:43.865  2500  5075 W WindowManager: 	at com.android.server.wm.DisplayContent.applySurfaceChangesTransaction(DisplayContent.java:5093)
11-23 18:43:43.865  2500  5075 W WindowManager: 	at com.android.server.wm.RootWindowContainer.applySurfaceChangesTransaction(RootWindowContainer.java:978)
11-23 18:43:43.865  2500  5075 W WindowManager: 	at com.android.server.wm.RootWindowContainer.performSurfacePlacementNoTrace(RootWindowContainer.java:777)
11-23 18:43:43.865  2500  5075 W WindowManager: 	at com.android.server.wm.RootWindowContainer.performSurfacePlacement(RootWindowContainer.java:743)
11-23 18:43:43.865  2500  5075 W WindowManager: 	at com.android.server.wm.WindowSurfacePlacer.performSurfacePlacementLoop(WindowSurfacePlacer.java:177)
11-23 18:43:43.865  2500  5075 W WindowManager: 	at com.android.server.wm.WindowSurfacePlacer.performSurfacePlacement(WindowSurfacePlacer.java:126)
11-23 18:43:43.865  2500  5075 W WindowManager: 	at com.android.server.wm.WindowSurfacePlacer.performSurfacePlacement(WindowSurfacePlacer.java:115)
11-23 18:43:43.865  2500  5075 W WindowManager: 	at com.android.server.wm.WindowManagerService.postWindowRemoveCleanupLocked(WindowManagerService.java:2048)
11-23 18:43:43.865  2500  5075 W WindowManager: 	at com.android.server.wm.WindowState.removeImmediately(WindowState.java:2354)
11-23 18:43:43.865  2500  5075 W WindowManager: 	at com.android.server.wm.WindowState.removeIfPossible(WindowState.java:2480)
11-23 18:43:43.865  2500  5075 W WindowManager: 	at com.android.server.wm.Session.binderDied(Session.java:230)
11-23 18:43:43.865  2500  5075 W WindowManager: 	at android.os.IBinder$DeathRecipient.binderDied(IBinder.java:320)
11-23 18:43:43.865  2500  5075 W WindowManager: 	at android.os.BinderProxy.sendDeathNotice(BinderProxy.java:726)
11-23 18:43:43.873  2500  5075 I ActivityTaskManager: Config changes=20000400 {1.0 ?mcc0mnc [en_US] ldltr sw720dp w1280dp h644dp 240dpi lrg long land car finger -keyb/v/h -nav/h winConfig={ mBounds=Rect(0, 0 - 1920, 1080) mAppBounds=Rect(0, 0 - 1920, 1080) mMaxBounds=Rect(0, 0 - 1920, 1080) mDisplayRotation=ROTATION_0 mWindowingMode=fullscreen mDisplayWindowingMode=fullscreen mActivityType=undefined mAlwaysOnTop=undefined mRotation=ROTATION_0} as.2 s.2788 fontWeightAdjustment=0}
11-23 18:43:43.878  2732  4437 W CAR.HAL : Unsubscribe to a static property: HVAC_FAN_DIRECTION_AVAILABLE(0x15410511), do nothing
11-23 18:43:43.891  2500  5075 W ActivityTaskManager: Current config: {1.0 ?mcc0mnc [en_US] ldltr sw720dp w1280dp h548dp 240dpi lrg long land car finger -keyb/v/h -nav/h winConfig={ mBounds=Rect(0, 0 - 1920, 1080) mAppBounds=Rect(0, 0 - 1920, 936) mMaxBounds=Rect(0, 0 - 1920, 1080) mDisplayRotation=ROTATION_0 mWindowingMode=fullscreen mDisplayWindowingMode=fullscreen mActivityType=undefined mAlwaysOnTop=undefined mRotation=ROTATION_0} as.2 s.2788 fontWeightAdjustment=0} unchanged for IME proc com.android.inputmethod.latin
11-23 18:43:43.901  2500  5075 I WindowManager: Override config changes=20000400 {1.0 ?mcc0mnc [en_US] ldltr sw720dp w1280dp h644dp 240dpi lrg long land car finger -keyb/v/h -nav/h winConfig={ mBounds=Rect(0, 0 - 1920, 1080) mAppBounds=Rect(0, 0 - 1920, 1080) mMaxBounds=Rect(0, 0 - 1920, 1080) mDisplayRotation=ROTATION_0 mWindowingMode=fullscreen mDisplayWindowingMode=fullscreen mActivityType=undefined mAlwaysOnTop=undefined mRotation=ROTATION_0} as.2 s.2788 fontWeightAdjustment=0} for displayId=0
11-23 18:43:43.901  2500  5075 W ActivityTaskManager: Unable to send transaction to client proc com.android.systemui: no app thread
11-23 18:43:43.901  2500  2500 W WindowTokenClientController: Can't find attached WindowTokenClient for android.window.WindowTokenClient@8be2b00
11-23 18:43:43.902  2500  5075 V ActivityTaskManager: Sending to IME proc com.android.inputmethod.latin new config {1.0 ?mcc0mnc [en_US] ldltr sw720dp w1280dp h644dp 240dpi lrg long land car finger -keyb/v/h -nav/h winConfig={ mBounds=Rect(0, 0 - 1920, 1080) mAppBounds=Rect(0, 0 - 1920, 1080) mMaxBounds=Rect(0, 0 - 1920, 1080) mDisplayRotation=ROTATION_0 mWindowingMode=fullscreen mDisplayWindowingMode=fullscreen mActivityType=undefined mAlwaysOnTop=undefined mRotation=ROTATION_0} as.2 s.2848 fontWeightAdjustment=0}
11-23 18:43:43.906  2500  5075 W ActivityManager: pid 2500 system sent binder code 3 with flags 1 to frozen apps and got error -32
11-23 18:43:43.906  2500  5075 D ActivityManager: Too many transaction errors, throttling freezer binder callback.
11-23 18:43:43.922  2500  5075 W ImageReader_JNI: Unable to acquire a buffer item, very likely client tried to acquire more than maxImages buffers
11-23 18:43:43.926  2500  5075 W ActivityManager: pid 2500 system sent binder code 1 with flags 1 to frozen apps and got error -32
11-23 18:43:43.926  2500  5075 D ActivityManager: Too many transaction errors, throttling freezer binder callback.
11-23 18:43:43.926  2500  5075 W WindowManager: Failed to deliver package in top focused window change
11-23 18:43:43.926  2500  5075 W WindowManager: android.os.DeadObjectException
11-23 18:43:43.926  2500  5075 W WindowManager: 	at android.os.BinderProxy.transactNative(Native Method)
11-23 18:43:43.926  2500  5075 W WindowManager: 	at android.os.BinderProxy.transact(BinderProxy.java:586)
11-23 18:43:43.926  2500  5075 W WindowManager: 	at android.view.IDisplayWindowInsetsController$Stub$Proxy.topFocusedWindowChanged(IDisplayWindowInsetsController.java:209)
11-23 18:43:43.926  2500  5075 W WindowManager: 	at com.android.server.wm.DisplayContent$RemoteInsetsControlTarget.topFocusedWindowChanged(DisplayContent.java:7069)
11-23 18:43:43.926  2500  5075 W WindowManager: 	at com.android.server.wm.InsetsPolicy.getStatusControlTarget(InsetsPolicy.java:504)
11-23 18:43:43.926  2500  5075 W WindowManager: 	at com.android.server.wm.InsetsPolicy.updateBarControlTarget(InsetsPolicy.java:117)
11-23 18:43:43.926  2500  5075 W WindowManager: 	at com.android.server.wm.InsetsPolicy.updateSystemBars(InsetsPolicy.java:608)
11-23 18:43:43.926  2500  5075 W WindowManager: 	at com.android.server.wm.DisplayPolicy.updateSystemBarsLw(DisplayPolicy.java:2439)
11-23 18:43:43.926  2500  5075 W WindowManager: 	at com.android.server.wm.DisplayPolicy.updateSystemBarAttributes(DisplayPolicy.java:2318)
11-23 18:43:43.926  2500  5075 W WindowManager: 	at com.android.server.wm.DisplayPolicy.finishPostLayoutPolicyLw(DisplayPolicy.java:1691)
11-23 18:43:43.926  2500  5075 W WindowManager: 	at com.android.server.wm.DisplayContent.applySurfaceChangesTransaction(DisplayContent.java:5089)
11-23 18:43:43.926  2500  5075 W WindowManager: 	at com.android.server.wm.RootWindowContainer.applySurfaceChangesTransaction(RootWindowContainer.java:978)
11-23 18:43:43.926  2500  5075 W WindowManager: 	at com.android.server.wm.RootWindowContainer.performSurfacePlacementNoTrace(RootWindowContainer.java:777)
11-23 18:43:43.926  2500  5075 W WindowManager: 	at com.android.server.wm.RootWindowContainer.performSurfacePlacement(RootWindowContainer.java:743)
11-23 18:43:43.926  2500  5075 W WindowManager: 	at com.android.server.wm.WindowSurfacePlacer.performSurfacePlacementLoop(WindowSurfacePlacer.java:177)
11-23 18:43:43.926  2500  5075 W WindowManager: 	at com.android.server.wm.WindowSurfacePlacer.performSurfacePlacement(WindowSurfacePlacer.java:126)
11-23 18:43:43.926  2500  5075 W WindowManager: 	at com.android.server.wm.WindowSurfacePlacer.performSurfacePlacement(WindowSurfacePlacer.java:115)
11-23 18:43:43.926  2500  5075 W WindowManager: 	at com.android.server.wm.WindowSurfacePlacer.continueLayout(WindowSurfacePlacer.java:97)
11-23 18:43:43.926  2500  5075 W WindowManager: 	at com.android.server.wm.ActivityTaskManagerService.continueWindowLayout(ActivityTaskManagerService.java:4801)
11-23 18:43:43.926  2500  5075 W WindowManager: 	at com.android.server.wm.DisplayContent.updateDisplayOverrideConfigurationLocked(DisplayContent.java:6362)
11-23 18:43:43.926  2500  5075 W WindowManager: 	at com.android.server.wm.DisplayContent.updateDisplayOverrideConfigurationLocked(DisplayContent.java:6325)
11-23 18:43:43.926  2500  5075 W WindowManager: 	at com.android.server.wm.DisplayContent.sendNewConfiguration(DisplayContent.java:1669)
11-23 18:43:43.926  2500  5075 W WindowManager: 	at com.android.server.wm.WindowState.removeIfPossible(WindowState.java:2490)
11-23 18:43:43.926  2500  5075 W WindowManager: 	at com.android.server.wm.Session.binderDied(Session.java:230)
11-23 18:43:43.926  2500  5075 W WindowManager: 	at android.os.IBinder$DeathRecipient.binderDied(IBinder.java:320)
11-23 18:43:43.926  2500  5075 W WindowManager: 	at android.os.BinderProxy.sendDeathNotice(BinderProxy.java:726)
11-23 18:43:43.926  2500  5075 W ActivityManager: pid 2500 system sent binder code 1 with flags 1 to frozen apps and got error -32
11-23 18:43:43.926  2500  5075 D ActivityManager: Too many transaction errors, throttling freezer binder callback.
11-23 18:43:43.927  2500  5075 W WindowManager: Failed to deliver package in top focused window change
11-23 18:43:43.927  2500  5075 W WindowManager: android.os.DeadObjectException
11-23 18:43:43.927  2500  5075 W WindowManager: 	at android.os.BinderProxy.transactNative(Native Method)
11-23 18:43:43.927  2500  5075 W WindowManager: 	at android.os.BinderProxy.transact(BinderProxy.java:586)
11-23 18:43:43.927  2500  5075 W WindowManager: 	at android.view.IDisplayWindowInsetsController$Stub$Proxy.topFocusedWindowChanged(IDisplayWindowInsetsController.java:209)
11-23 18:43:43.927  2500  5075 W WindowManager: 	at com.android.server.wm.DisplayContent$RemoteInsetsControlTarget.topFocusedWindowChanged(DisplayContent.java:7069)
11-23 18:43:43.927  2500  5075 W WindowManager: 	at com.android.server.wm.InsetsPolicy.getNavControlTarget(InsetsPolicy.java:564)
11-23 18:43:43.927  2500  5075 W WindowManager: 	at com.android.server.wm.InsetsPolicy.updateBarControlTarget(InsetsPolicy.java:124)
11-23 18:43:43.927  2500  5075 W WindowManager: 	at com.android.server.wm.InsetsPolicy.updateSystemBars(InsetsPolicy.java:608)
11-23 18:43:43.927  2500  5075 W WindowManager: 	at com.android.server.wm.DisplayPolicy.updateSystemBarsLw(DisplayPolicy.java:2439)
11-23 18:43:43.927  2500  5075 W WindowManager: 	at com.android.server.wm.DisplayPolicy.updateSystemBarAttributes(DisplayPolicy.java:2318)
11-23 18:43:43.927  2500  5075 W WindowManager: 	at com.android.server.wm.DisplayPolicy.finishPostLayoutPolicyLw(DisplayPolicy.java:1691)
11-23 18:43:43.927  2500  5075 W WindowManager: 	at com.android.server.wm.DisplayContent.applySurfaceChangesTransaction(DisplayContent.java:5089)
11-23 18:43:43.927  2500  5075 W WindowManager: 	at com.android.server.wm.RootWindowContainer.applySurfaceChangesTransaction(RootWindowContainer.java:978)
11-23 18:43:43.927  2500  5075 W WindowManager: 	at com.android.server.wm.RootWindowContainer.performSurfacePlacementNoTrace(RootWindowContainer.java:777)
11-23 18:43:43.927  2500  5075 W WindowManager: 	at com.android.server.wm.RootWindowContainer.performSurfacePlacement(RootWindowContainer.java:743)
11-23 18:43:43.927  2500  5075 W WindowManager: 	at com.android.server.wm.WindowSurfacePlacer.performSurfacePlacementLoop(WindowSurfacePlacer.java:177)
11-23 18:43:43.927  2500  5075 W WindowManager: 	at com.android.server.wm.WindowSurfacePlacer.performSurfacePlacement(WindowSurfacePlacer.java:126)
11-23 18:43:43.927  2500  5075 W WindowManager: 	at com.android.server.wm.WindowSurfacePlacer.performSurfacePlacement(WindowSurfacePlacer.java:115)
11-23 18:43:43.927  2500  5075 W WindowManager: 	at com.android.server.wm.WindowSurfacePlacer.continueLayout(WindowSurfacePlacer.java:97)
11-23 18:43:43.927  2500  5075 W WindowManager: 	at com.android.server.wm.ActivityTaskManagerService.continueWindowLayout(ActivityTaskManagerService.java:4801)
11-23 18:43:43.927  2500  5075 W WindowManager: 	at com.android.server.wm.DisplayContent.updateDisplayOverrideConfigurationLocked(DisplayContent.java:6362)
11-23 18:43:43.927  2500  5075 W WindowManager: 	at com.android.server.wm.DisplayContent.updateDisplayOverrideConfigurationLocked(DisplayContent.java:6325)
11-23 18:43:43.927  2500  5075 W WindowManager: 	at com.android.server.wm.DisplayContent.sendNewConfiguration(DisplayContent.java:1669)
11-23 18:43:43.927  2500  5075 W WindowManager: 	at com.android.server.wm.WindowState.removeIfPossible(WindowState.java:2490)
11-23 18:43:43.927  2500  5075 W WindowManager: 	at com.android.server.wm.Session.binderDied(Session.java:230)
11-23 18:43:43.927  2500  5075 W WindowManager: 	at android.os.IBinder$DeathRecipient.binderDied(IBinder.java:320)
11-23 18:43:43.927  2500  5075 W WindowManager: 	at android.os.BinderProxy.sendDeathNotice(BinderProxy.java:726)
11-23 18:43:43.933  2500  5075 I WindowManager: WIN DEATH: Window{ca0700c u0 TopCarSystemBar}
11-23 18:43:43.934  2500  5075 W InputManager-JNI: Input channel object 'ca0700c TopCarSystemBar (client)' was disposed without first being removed with the input manager!
11-23 18:43:43.936  2732  4437 V CAR.PropertyHalServiceConfigs: no custom vendor read permission for: FUELTANK, default to PERMISSION_VENDOR_EXTENSION
11-23 18:43:43.940     0     0 I binder  : 5075:2500 cannot find target node
11-23 18:43:43.946     0     0 I binder  : 2500:5075 transaction async to 0:0 failed 333380/29189/-22, size 60-0 line 3273
11-23 18:43:43.951  2500  5075 E IPCThreadState: Binder transaction failure: 333380/29189/-22
11-23 18:43:43.951  2500  5075 W ActivityManager: pid 2500 system sent binder code 14 with flags 1 to frozen apps and got error -32
11-23 18:43:43.951  2500  5075 D ActivityManager: Too many transaction errors, throttling freezer binder callback.
11-23 18:43:43.953  2500  5075 W ActivityManager: pid 2500 system sent binder code 1 with flags 1 to frozen apps and got error -32
11-23 18:43:43.953  2500  5075 D ActivityManager: Too many transaction errors, throttling freezer binder callback.
11-23 18:43:43.954  2500  5075 W WindowManager: Failed to deliver package in top focused window change
11-23 18:43:43.954  2500  5075 W WindowManager: android.os.DeadObjectException
11-23 18:43:43.954  2500  5075 W WindowManager: 	at android.os.BinderProxy.transactNative(Native Method)
11-23 18:43:43.954  2500  5075 W WindowManager: 	at android.os.BinderProxy.transact(BinderProxy.java:586)
11-23 18:43:43.954  2500  5075 W WindowManager: 	at android.view.IDisplayWindowInsetsController$Stub$Proxy.topFocusedWindowChanged(IDisplayWindowInsetsController.java:209)
11-23 18:43:43.954  2500  5075 W WindowManager: 	at com.android.server.wm.DisplayContent$RemoteInsetsControlTarget.topFocusedWindowChanged(DisplayContent.java:7069)
11-23 18:43:43.954  2500  5075 W WindowManager: 	at com.android.server.wm.InsetsPolicy.getStatusControlTarget(InsetsPolicy.java:504)
11-23 18:43:43.954  2500  5075 W WindowManager: 	at com.android.server.wm.InsetsPolicy.updateBarControlTarget(InsetsPolicy.java:117)
11-23 18:43:43.954  2500  5075 W WindowManager: 	at com.android.server.wm.InsetsPolicy.updateSystemBars(InsetsPolicy.java:608)
11-23 18:43:43.954  2500  5075 W WindowManager: 	at com.android.server.wm.DisplayPolicy.updateSystemBarsLw(DisplayPolicy.java:2439)
11-23 18:43:43.954  2500  5075 W WindowManager: 	at com.android.server.wm.DisplayPolicy.updateSystemBarAttributes(DisplayPolicy.java:2318)
11-23 18:43:43.954  2500  5075 W WindowManager: 	at com.android.server.wm.DisplayPolicy.finishPostLayoutPolicyLw(DisplayPolicy.java:1691)
11-23 18:43:43.954  2500  5075 W WindowManager: 	at com.android.server.wm.DisplayContent.applySurfaceChangesTransaction(DisplayContent.java:5089)
11-23 18:43:43.954  2500  5075 W WindowManager: 	at com.android.server.wm.RootWindowContainer.applySurfaceChangesTransaction(RootWindowContainer.java:978)
11-23 18:43:43.954  2500  5075 W WindowManager: 	at com.android.server.wm.RootWindowContainer.performSurfacePlacementNoTrace(RootWindowContainer.java:777)
11-23 18:43:43.954  2500  5075 W WindowManager: 	at com.android.server.wm.RootWindowContainer.performSurfacePlacement(RootWindowContainer.java:743)
11-23 18:43:43.954  2500  5075 W WindowManager: 	at com.android.server.wm.WindowSurfacePlacer.performSurfacePlacementLoop(WindowSurfacePlacer.java:177)
11-23 18:43:43.954  2500  5075 W WindowManager: 	at com.android.server.wm.WindowSurfacePlacer.performSurfacePlacement(WindowSurfacePlacer.java:126)
11-23 18:43:43.954  2500  5075 W WindowManager: 	at com.android.server.wm.WindowSurfacePlacer.performSurfacePlacement(WindowSurfacePlacer.java:115)
11-23 18:43:43.954  2500  5075 W WindowManager: 	at com.android.server.wm.WindowManagerService.postWindowRemoveCleanupLocked(WindowManagerService.java:2048)
11-23 18:43:43.954  2500  5075 W WindowManager: 	at com.android.server.wm.WindowState.removeImmediately(WindowState.java:2354)
11-23 18:43:43.954  2500  5075 W WindowManager: 	at com.android.server.wm.WindowState.removeIfPossible(WindowState.java:2480)
11-23 18:43:43.954  2500  5075 W WindowManager: 	at com.android.server.wm.Session.binderDied(Session.java:230)
